This file contains any messages produced by compilers while
running configure, to aid debugging if configure makes a mistake.

It was created by wifi configure 1.0, which was
generated by GNU Autoconf 2.71.  Invocation command line was

  $ ./configure --enable-libwebconfig=yes

## --------- ##
## Platform. ##
## --------- ##

hostname = runnervm35a4x
uname -m = x86_64
uname -r = 6.17.0-1010-azure
uname -s = Linux
uname -v = #10~24.04.1-Ubuntu SMP Fri Mar  6 22:00:57 UTC 2026

/usr/bin/uname -p = x86_64
/bin/uname -X     = unknown

/bin/arch              = x86_64
/usr/bin/arch -k       = unknown
/usr/convex/getsysinfo = unknown
/usr/bin/hostinfo      = unknown
/bin/machine           = unknown
/usr/bin/oslevel       = unknown
/bin/universe          = unknown

PATH: /home/runner/work/_temp/ghcca-node/node/bin/
PATH: /snap/bin/
PATH: /home/runner/.local/bin/
PATH: /opt/pipx_bin/
PATH: /home/runner/.cargo/bin/
PATH: /home/runner/.config/composer/vendor/bin/
PATH: /usr/local/.ghcup/bin/
PATH: /home/runner/.dotnet/tools/
PATH: /usr/local/sbin/
PATH: /usr/local/bin/
PATH: /usr/sbin/
PATH: /usr/bin/
PATH: /sbin/
PATH: /bin/
PATH: /usr/games/
PATH: /usr/local/games/
PATH: /snap/bin/


## ----------- ##
## Core tests. ##
## ----------- ##

configure:2901: looking for aux files: compile config.guess config.sub ltmain.sh missing install-sh
configure:2914:  trying ./
configure:2943:   ./compile found
configure:2943:   ./config.guess found
configure:2943:   ./config.sub found
configure:2943:   ./ltmain.sh found
configure:2943:   ./missing found
configure:2925:   ./install-sh found
configure:3072: checking for a BSD-compatible install
configure:3145: result: /usr/bin/install -c
configure:3156: checking whether build environment is sane
configure:3211: result: yes
configure:3370: checking for a race-free mkdir -p
configure:3414: result: /usr/bin/mkdir -p
configure:3421: checking for gawk
configure:3442: found /usr/bin/gawk
configure:3453: result: gawk
configure:3464: checking whether make sets $(MAKE)
configure:3487: result: yes
configure:3517: checking whether make supports nested variables
configure:3535: result: yes
configure:3703: checking build system type
configure:3718: result: x86_64-pc-linux-gnu
configure:3738: checking host system type
configure:3752: result: x86_64-pc-linux-gnu
configure:3793: checking how to print strings
configure:3820: result: printf
configure:3854: checking whether make supports the include directive
configure:3869: make -f confmf.GNU && cat confinc.out
this is the am__doit target
configure:3872: $? = 0
configure:3891: result: yes (GNU style)
configure:3967: checking for gcc
configure:3988: found /usr/bin/gcc
configure:3999: result: gcc
configure:4352: checking for C compiler version
configure:4361: gcc --version >&5
gcc (Ubuntu 13.3.0-6ubuntu2~24.04.1) 13.3.0
Copyright (C) 2023 Free Software Foundation, Inc.
This is free software; see the source for copying conditions.  There is NO
warranty; not even for MERCHANTABILITY or FITNESS FOR A PARTICULAR PURPOSE.

configure:4372: $? = 0
configure:4361: gcc -v >&5
Using built-in specs.
COLLECT_GCC=gcc
COLLECT_LTO_WRAPPER=/usr/libexec/gcc/x86_64-linux-gnu/13/lto-wrapper
OFFLOAD_TARGET_NAMES=nvptx-none:amdgcn-amdhsa
OFFLOAD_TARGET_DEFAULT=1
Target: x86_64-linux-gnu
Configured with: ../src/configure -v --with-pkgversion='Ubuntu 13.3.0-6ubuntu2~24.04.1' --with-bugurl=file:///usr/share/doc/gcc-13/README.Bugs --enable-languages=c,ada,c++,go,d,fortran,objc,obj-c++,m2 --prefix=/usr --with-gcc-major-version-only --program-suffix=-13 --program-prefix=x86_64-linux-gnu- --enable-shared --enable-linker-build-id --libexecdir=/usr/libexec --without-included-gettext --enable-threads=posix --libdir=/usr/lib --enable-nls --enable-bootstrap --enable-clocale=gnu --enable-libstdcxx-debug --enable-libstdcxx-time=yes --with-default-libstdcxx-abi=new --enable-libstdcxx-backtrace --enable-gnu-unique-object --disable-vtable-verify --enable-plugin --enable-default-pie --with-system-zlib --enable-libphobos-checking=release --with-target-system-zlib=auto --enable-objc-gc=auto --enable-multiarch --disable-werror --enable-cet --with-arch-32=i686 --with-abi=m64 --with-multilib-list=m32,m64,mx32 --enable-multilib --with-tune=generic --enable-offload-targets=nvptx-none=/build/gcc-13-EldibY/gcc-13-13.3.0/debian/tmp-nvptx/usr,amdgcn-amdhsa=/build/gcc-13-EldibY/gcc-13-13.3.0/debian/tmp-gcn/usr --enable-offload-defaulted --without-cuda-driver --enable-checking=release --build=x86_64-linux-gnu --host=x86_64-linux-gnu --target=x86_64-linux-gnu --with-build-config=bootstrap-lto-lean --enable-link-serialization=2
Thread model: posix
Supported LTO compression algorithms: zlib zstd
gcc version 13.3.0 (Ubuntu 13.3.0-6ubuntu2~24.04.1) 
... rest of stderr output deleted ...
configure:4372: $? = 0
configure:4361: gcc -V >&5
gcc: error: unrecognized command-line option '-V'
gcc: fatal error: no input files
compilation terminated.
configure:4372: $? = 1
configure:4361: gcc -qversion >&5
gcc: error: unrecognized command-line option '-qversion'; did you mean '--version'?
gcc: fatal error: no input files
compilation terminated.
configure:4372: $? = 1
configure:4361: gcc -version >&5
gcc: error: unrecognized command-line option '-version'
gcc: fatal error: no input files
compilation terminated.
configure:4372: $? = 1
configure:4392: checking whether the C compiler works
configure:4414: gcc    conftest.c  >&5
configure:4418: $? = 0
configure:4468: result: yes
configure:4471: checking for C compiler default output file name
configure:4473: result: a.out
configure:4479: checking for suffix of executables
configure:4486: gcc -o conftest    conftest.c  >&5
configure:4490: $? = 0
configure:4513: result: 
configure:4535: checking whether we are cross compiling
configure:4543: gcc -o conftest    conftest.c  >&5
configure:4547: $? = 0
configure:4554: ./conftest
configure:4558: $? = 0
configure:4573: result: no
configure:4578: checking for suffix of object files
configure:4601: gcc -c   conftest.c >&5
configure:4605: $? = 0
configure:4627: result: o
configure:4631: checking whether the compiler supports GNU C
configure:4651: gcc -c   conftest.c >&5
configure:4651: $? = 0
configure:4661: result: yes
configure:4672: checking whether gcc accepts -g
configure:4693: gcc -c -g  conftest.c >&5
configure:4693: $? = 0
configure:4737: result: yes
configure:4757: checking for gcc option to enable C11 features
configure:4772: gcc  -c -g -O2  conftest.c >&5
configure:4772: $? = 0
configure:4790: result: none needed
configure:4906: checking whether gcc understands -c and -o together
configure:4929: gcc -c conftest.c -o conftest2.o
configure:4932: $? = 0
configure:4929: gcc -c conftest.c -o conftest2.o
configure:4932: $? = 0
configure:4944: result: yes
configure:4963: checking dependency style of gcc
configure:5075: result: gcc3
configure:5090: checking for a sed that does not truncate output
configure:5160: result: /usr/bin/sed
configure:5178: checking for grep that handles long lines and -e
configure:5242: result: /usr/bin/grep
configure:5247: checking for egrep
configure:5315: result: /usr/bin/grep -E
configure:5320: checking for fgrep
configure:5388: result: /usr/bin/grep -F
configure:5424: checking for ld used by gcc
configure:5492: result: /usr/bin/ld
configure:5499: checking if the linker (/usr/bin/ld) is GNU ld
configure:5515: result: yes
configure:5527: checking for BSD- or MS-compatible name lister (nm)
configure:5582: result: /usr/bin/nm -B
configure:5722: checking the name lister (/usr/bin/nm -B) interface
configure:5730: gcc -c -g -O2  conftest.c >&5
configure:5733: /usr/bin/nm -B "conftest.o"
configure:5736: output
0000000000000000 B some_variable
configure:5743: result: BSD nm
configure:5746: checking whether ln -s works
configure:5750: result: yes
configure:5758: checking the maximum length of command line arguments
configure:5890: result: 3145728
configure:5938: checking how to convert x86_64-pc-linux-gnu file names to x86_64-pc-linux-gnu format
configure:5979: result: func_convert_file_noop
configure:5986: checking how to convert x86_64-pc-linux-gnu file names to toolchain format
configure:6007: result: func_convert_file_noop
configure:6014: checking for /usr/bin/ld option to reload object files
configure:6022: result: -r
configure:6101: checking for file
configure:6122: found /usr/bin/file
configure:6133: result: file
configure:6209: checking for objdump
configure:6230: found /usr/bin/objdump
configure:6241: result: objdump
configure:6273: checking how to recognize dependent libraries
configure:6474: result: pass_all
configure:6564: checking for dlltool
configure:6599: result: no
configure:6629: checking how to associate runtime and link libraries
configure:6657: result: printf %s\n
configure:6723: checking for ar
configure:6744: found /usr/bin/ar
configure:6755: result: ar
configure:6808: checking for archiver @FILE support
configure:6826: gcc -c -g -O2  conftest.c >&5
configure:6826: $? = 0
configure:6830: ar cr libconftest.a @conftest.lst >&5
configure:6833: $? = 0
configure:6838: ar cr libconftest.a @conftest.lst >&5
ar: conftest.o: No such file or directory
configure:6841: $? = 1
configure:6853: result: @
configure:6916: checking for strip
configure:6937: found /usr/bin/strip
configure:6948: result: strip
configure:7025: checking for ranlib
configure:7046: found /usr/bin/ranlib
configure:7057: result: ranlib
configure:7159: checking command to parse /usr/bin/nm -B output from gcc object
configure:7313: gcc -c -g -O2  conftest.c >&5
configure:7316: $? = 0
configure:7320: /usr/bin/nm -B conftest.o | /usr/bin/sed -n -e 's/^.*[	 ]\([ABCDGIRSTW][ABCDGIRSTW]*\)[	 ][	 ]*\([_A-Za-z][_A-Za-z0-9]*\)$/\1 \2 \2/p' | /usr/bin/sed '/ __gnu_lto/d' > conftest.nm
configure:7386: gcc -o conftest -g -O2   conftest.c conftstm.o >&5
configure:7389: $? = 0
configure:7427: result: ok
configure:7474: checking for sysroot
configure:7505: result: no
configure:7512: checking for a working dd
configure:7556: result: /usr/bin/dd
configure:7560: checking how to truncate binary pipes
configure:7576: result: /usr/bin/dd bs=4096 count=1
configure:7713: gcc -c -g -O2  conftest.c >&5
configure:7716: $? = 0
configure:7913: checking for mt
configure:7934: found /usr/bin/mt
configure:7945: result: mt
configure:7968: checking if mt is a manifest tool
configure:7975: mt '-?'
configure:7983: result: no
configure:8708: checking for stdio.h
configure:8708: gcc -c -g -O2  conftest.c >&5
configure:8708: $? = 0
configure:8708: result: yes
configure:8708: checking for stdlib.h
configure:8708: gcc -c -g -O2  conftest.c >&5
configure:8708: $? = 0
configure:8708: result: yes
configure:8708: checking for string.h
configure:8708: gcc -c -g -O2  conftest.c >&5
configure:8708: $? = 0
configure:8708: result: yes
configure:8708: checking for inttypes.h
configure:8708: gcc -c -g -O2  conftest.c >&5
configure:8708: $? = 0
configure:8708: result: yes
configure:8708: checking for stdint.h
configure:8708: gcc -c -g -O2  conftest.c >&5
configure:8708: $? = 0
configure:8708: result: yes
configure:8708: checking for strings.h
configure:8708: gcc -c -g -O2  conftest.c >&5
configure:8708: $? = 0
configure:8708: result: yes
configure:8708: checking for sys/stat.h
configure:8708: gcc -c -g -O2  conftest.c >&5
configure:8708: $? = 0
configure:8708: result: yes
configure:8708: checking for sys/types.h
configure:8708: gcc -c -g -O2  conftest.c >&5
configure:8708: $? = 0
configure:8708: result: yes
configure:8708: checking for unistd.h
configure:8708: gcc -c -g -O2  conftest.c >&5
configure:8708: $? = 0
configure:8708: result: yes
configure:8733: checking for dlfcn.h
configure:8733: gcc -c -g -O2  conftest.c >&5
configure:8733: $? = 0
configure:8733: result: yes
configure:8992: checking for objdir
configure:9008: result: .libs
configure:9272: checking if gcc supports -fno-rtti -fno-exceptions
configure:9291: gcc -c -g -O2  -fno-rtti -fno-exceptions conftest.c >&5
cc1: warning: command-line option '-fno-rtti' is valid for C++/D/ObjC++ but not for C
configure:9295: $? = 0
configure:9308: result: no
configure:9672: checking for gcc option to produce PIC
configure:9680: result: -fPIC -DPIC
configure:9688: checking if gcc PIC flag -fPIC -DPIC works
configure:9707: gcc -c -g -O2  -fPIC -DPIC -DPIC conftest.c >&5
configure:9711: $? = 0
configure:9724: result: yes
configure:9753: checking if gcc static flag -static works
configure:9782: result: yes
configure:9797: checking if gcc supports -c -o file.o
configure:9819: gcc -c -g -O2  -o out/conftest2.o conftest.c >&5
configure:9823: $? = 0
configure:9845: result: yes
configure:9853: checking if gcc supports -c -o file.o
configure:9901: result: yes
configure:9934: checking whether the gcc linker (/usr/bin/ld -m elf_x86_64) supports shared libraries
configure:11208: result: yes
configure:11245: checking whether -lc should be explicitly linked in
configure:11254: gcc -c -g -O2  conftest.c >&5
configure:11257: $? = 0
configure:11272: gcc -shared  -fPIC -DPIC conftest.o  -v -Wl,-soname -Wl,conftest -o conftest 2\>\&1 \| /usr/bin/grep  -lc  \>/dev/null 2\>\&1
configure:11275: $? = 0
configure:11289: result: no
configure:11449: checking dynamic linker characteristics
configure:12031: gcc -o conftest -g -O2   -Wl,-rpath -Wl,/foo conftest.c  >&5
configure:12031: $? = 0
configure:12282: result: GNU/Linux ld.so
configure:12404: checking how to hardcode library paths into programs
configure:12429: result: immediate
configure:12981: checking whether stripping libraries is possible
configure:12990: result: yes
configure:13032: checking if libtool supports shared libraries
configure:13034: result: yes
configure:13037: checking whether to build shared libraries
configure:13062: result: yes
configure:13065: checking whether to build static libraries
configure:13069: result: yes
configure:13687: checking for gcc
configure:13719: result: gcc
configure:14072: checking for C compiler version
configure:14081: gcc --version >&5
gcc (Ubuntu 13.3.0-6ubuntu2~24.04.1) 13.3.0
Copyright (C) 2023 Free Software Foundation, Inc.
This is free software; see the source for copying conditions.  There is NO
warranty; not even for MERCHANTABILITY or FITNESS FOR A PARTICULAR PURPOSE.

configure:14092: $? = 0
configure:14081: gcc -v >&5
Using built-in specs.
COLLECT_GCC=gcc
COLLECT_LTO_WRAPPER=/usr/libexec/gcc/x86_64-linux-gnu/13/lto-wrapper
OFFLOAD_TARGET_NAMES=nvptx-none:amdgcn-amdhsa
OFFLOAD_TARGET_DEFAULT=1
Target: x86_64-linux-gnu
Configured with: ../src/configure -v --with-pkgversion='Ubuntu 13.3.0-6ubuntu2~24.04.1' --with-bugurl=file:///usr/share/doc/gcc-13/README.Bugs --enable-languages=c,ada,c++,go,d,fortran,objc,obj-c++,m2 --prefix=/usr --with-gcc-major-version-only --program-suffix=-13 --program-prefix=x86_64-linux-gnu- --enable-shared --enable-linker-build-id --libexecdir=/usr/libexec --without-included-gettext --enable-threads=posix --libdir=/usr/lib --enable-nls --enable-bootstrap --enable-clocale=gnu --enable-libstdcxx-debug --enable-libstdcxx-time=yes --with-default-libstdcxx-abi=new --enable-libstdcxx-backtrace --enable-gnu-unique-object --disable-vtable-verify --enable-plugin --enable-default-pie --with-system-zlib --enable-libphobos-checking=release --with-target-system-zlib=auto --enable-objc-gc=auto --enable-multiarch --disable-werror --enable-cet --with-arch-32=i686 --with-abi=m64 --with-multilib-list=m32,m64,mx32 --enable-multilib --with-tune=generic --enable-offload-targets=nvptx-none=/build/gcc-13-EldibY/gcc-13-13.3.0/debian/tmp-nvptx/usr,amdgcn-amdhsa=/build/gcc-13-EldibY/gcc-13-13.3.0/debian/tmp-gcn/usr --enable-offload-defaulted --without-cuda-driver --enable-checking=release --build=x86_64-linux-gnu --host=x86_64-linux-gnu --target=x86_64-linux-gnu --with-build-config=bootstrap-lto-lean --enable-link-serialization=2
Thread model: posix
Supported LTO compression algorithms: zlib zstd
gcc version 13.3.0 (Ubuntu 13.3.0-6ubuntu2~24.04.1) 
... rest of stderr output deleted ...
configure:14092: $? = 0
configure:14081: gcc -V >&5
gcc: error: unrecognized command-line option '-V'
gcc: fatal error: no input files
compilation terminated.
configure:14092: $? = 1
configure:14081: gcc -qversion >&5
gcc: error: unrecognized command-line option '-qversion'; did you mean '--version'?
gcc: fatal error: no input files
compilation terminated.
configure:14092: $? = 1
configure:14081: gcc -version >&5
gcc: error: unrecognized command-line option '-version'
gcc: fatal error: no input files
compilation terminated.
configure:14092: $? = 1
configure:14096: checking whether the compiler supports GNU C
configure:14126: result: yes
configure:14137: checking whether gcc accepts -g
configure:14202: result: yes
configure:14222: checking for gcc option to enable C11 features
configure:14255: result: none needed
configure:14371: checking whether gcc understands -c and -o together
configure:14409: result: yes
configure:14428: checking dependency style of gcc
configure:14540: result: gcc3
configure:14624: checking for g++
configure:14645: found /usr/bin/g++
configure:14656: result: g++
configure:14683: checking for C++ compiler version
configure:14692: g++ --version >&5
g++ (Ubuntu 13.3.0-6ubuntu2~24.04.1) 13.3.0
Copyright (C) 2023 Free Software Foundation, Inc.
This is free software; see the source for copying conditions.  There is NO
warranty; not even for MERCHANTABILITY or FITNESS FOR A PARTICULAR PURPOSE.

configure:14703: $? = 0
configure:14692: g++ -v >&5
Using built-in specs.
COLLECT_GCC=g++
COLLECT_LTO_WRAPPER=/usr/libexec/gcc/x86_64-linux-gnu/13/lto-wrapper
OFFLOAD_TARGET_NAMES=nvptx-none:amdgcn-amdhsa
OFFLOAD_TARGET_DEFAULT=1
Target: x86_64-linux-gnu
Configured with: ../src/configure -v --with-pkgversion='Ubuntu 13.3.0-6ubuntu2~24.04.1' --with-bugurl=file:///usr/share/doc/gcc-13/README.Bugs --enable-languages=c,ada,c++,go,d,fortran,objc,obj-c++,m2 --prefix=/usr --with-gcc-major-version-only --program-suffix=-13 --program-prefix=x86_64-linux-gnu- --enable-shared --enable-linker-build-id --libexecdir=/usr/libexec --without-included-gettext --enable-threads=posix --libdir=/usr/lib --enable-nls --enable-bootstrap --enable-clocale=gnu --enable-libstdcxx-debug --enable-libstdcxx-time=yes --with-default-libstdcxx-abi=new --enable-libstdcxx-backtrace --enable-gnu-unique-object --disable-vtable-verify --enable-plugin --enable-default-pie --with-system-zlib --enable-libphobos-checking=release --with-target-system-zlib=auto --enable-objc-gc=auto --enable-multiarch --disable-werror --enable-cet --with-arch-32=i686 --with-abi=m64 --with-multilib-list=m32,m64,mx32 --enable-multilib --with-tune=generic --enable-offload-targets=nvptx-none=/build/gcc-13-EldibY/gcc-13-13.3.0/debian/tmp-nvptx/usr,amdgcn-amdhsa=/build/gcc-13-EldibY/gcc-13-13.3.0/debian/tmp-gcn/usr --enable-offload-defaulted --without-cuda-driver --enable-checking=release --build=x86_64-linux-gnu --host=x86_64-linux-gnu --target=x86_64-linux-gnu --with-build-config=bootstrap-lto-lean --enable-link-serialization=2
Thread model: posix
Supported LTO compression algorithms: zlib zstd
gcc version 13.3.0 (Ubuntu 13.3.0-6ubuntu2~24.04.1) 
... rest of stderr output deleted ...
configure:14703: $? = 0
configure:14692: g++ -V >&5
g++: error: unrecognized command-line option '-V'
g++: fatal error: no input files
compilation terminated.
configure:14703: $? = 1
configure:14692: g++ -qversion >&5
g++: error: unrecognized command-line option '-qversion'; did you mean '--version'?
g++: fatal error: no input files
compilation terminated.
configure:14703: $? = 1
configure:14707: checking whether the compiler supports GNU C++
configure:14727: g++ -c   conftest.cpp >&5
configure:14727: $? = 0
configure:14737: result: yes
configure:14748: checking whether g++ accepts -g
configure:14769: g++ -c -g  conftest.cpp >&5
configure:14769: $? = 0
configure:14813: result: yes
configure:14833: checking for g++ option to enable C++11 features
configure:14848: g++  -c -g -O2  conftest.cpp >&5
conftest.cpp: In function 'int main(int, char**)':
conftest.cpp:189:25: warning: empty parentheses were disambiguated as a function declaration [-Wvexing-parse]
  189 |   cxx11test::delegate d2();
      |                         ^~
conftest.cpp:189:25: note: remove parentheses to default-initialize a variable
  189 |   cxx11test::delegate d2();
      |                         ^~
      |                         --
conftest.cpp:189:25: note: or replace parentheses with braces to value-initialize a variable
configure:14848: $? = 0
configure:14866: result: none needed
configure:14932: checking dependency style of g++
configure:15044: result: gcc3
configure:15077: checking how to run the C++ preprocessor
configure:15099: g++ -E  conftest.cpp
configure:15099: $? = 0
configure:15114: g++ -E  conftest.cpp
conftest.cpp:23:10: fatal error: ac_nonexistent.h: No such file or directory
   23 | #include <ac_nonexistent.h>
      |          ^~~~~~~~~~~~~~~~~~
compilation terminated.
configure:15114: $? = 1
configure: failed program was:
| /* confdefs.h */
| #define PACKAGE_NAME "wifi"
| #define PACKAGE_TARNAME "wifi"
| #define PACKAGE_VERSION "1.0"
| #define PACKAGE_STRING "wifi 1.0"
| #define PACKAGE_BUGREPORT "BUG-REPORT-ADDRESS"
| #define PACKAGE_URL ""
| #define PACKAGE "wifi"
| #define VERSION "1.0"
| #define HAVE_STDIO_H 1
| #define HAVE_STDLIB_H 1
| #define HAVE_STRING_H 1
| #define HAVE_INTTYPES_H 1
| #define HAVE_STDINT_H 1
| #define HAVE_STRINGS_H 1
| #define HAVE_SYS_STAT_H 1
| #define HAVE_SYS_TYPES_H 1
| #define HAVE_UNISTD_H 1
| #define STDC_HEADERS 1
| #define HAVE_DLFCN_H 1
| #define LT_OBJDIR ".libs/"
| /* end confdefs.h.  */
| #include <ac_nonexistent.h>
configure:15141: result: g++ -E
configure:15155: g++ -E  conftest.cpp
configure:15155: $? = 0
configure:15170: g++ -E  conftest.cpp
conftest.cpp:23:10: fatal error: ac_nonexistent.h: No such file or directory
   23 | #include <ac_nonexistent.h>
      |          ^~~~~~~~~~~~~~~~~~
compilation terminated.
configure:15170: $? = 1
configure: failed program was:
| /* confdefs.h */
| #define PACKAGE_NAME "wifi"
| #define PACKAGE_TARNAME "wifi"
| #define PACKAGE_VERSION "1.0"
| #define PACKAGE_STRING "wifi 1.0"
| #define PACKAGE_BUGREPORT "BUG-REPORT-ADDRESS"
| #define PACKAGE_URL ""
| #define PACKAGE "wifi"
| #define VERSION "1.0"
| #define HAVE_STDIO_H 1
| #define HAVE_STDLIB_H 1
| #define HAVE_STRING_H 1
| #define HAVE_INTTYPES_H 1
| #define HAVE_STDINT_H 1
| #define HAVE_STRINGS_H 1
| #define HAVE_SYS_STAT_H 1
| #define HAVE_SYS_TYPES_H 1
| #define HAVE_UNISTD_H 1
| #define STDC_HEADERS 1
| #define HAVE_DLFCN_H 1
| #define LT_OBJDIR ".libs/"
| /* end confdefs.h.  */
| #include <ac_nonexistent.h>
configure:15335: checking for ld used by g++
configure:15403: result: /usr/bin/ld -m elf_x86_64
configure:15410: checking if the linker (/usr/bin/ld -m elf_x86_64) is GNU ld
configure:15426: result: yes
configure:15481: checking whether the g++ linker (/usr/bin/ld -m elf_x86_64) supports shared libraries
configure:16559: result: yes
configure:16595: g++ -c -g -O2  conftest.cpp >&5
configure:16598: $? = 0
configure:17079: checking for g++ option to produce PIC
configure:17087: result: -fPIC -DPIC
configure:17095: checking if g++ PIC flag -fPIC -DPIC works
configure:17114: g++ -c -g -O2  -fPIC -DPIC -DPIC conftest.cpp >&5
configure:17118: $? = 0
configure:17131: result: yes
configure:17154: checking if g++ static flag -static works
configure:17183: result: yes
configure:17195: checking if g++ supports -c -o file.o
configure:17217: g++ -c -g -O2  -o out/conftest2.o conftest.cpp >&5
configure:17221: $? = 0
configure:17243: result: yes
configure:17248: checking if g++ supports -c -o file.o
configure:17296: result: yes
configure:17326: checking whether the g++ linker (/usr/bin/ld -m elf_x86_64) supports shared libraries
configure:17369: result: yes
configure:17511: checking dynamic linker characteristics
configure:18271: result: GNU/Linux ld.so
configure:18336: checking how to hardcode library paths into programs
configure:18361: result: immediate
configure:18428: checking for stdlib.h
configure:18428: result: yes
configure:18434: checking for string.h
configure:18434: result: yes
configure:18440: checking for unistd.h
configure:18440: result: yes
configure:18449: checking for _Bool
configure:18449: gcc -c -g -O2  conftest.c >&5
configure:18449: $? = 0
configure:18449: gcc -c -g -O2  conftest.c >&5
conftest.c: In function 'main':
conftest.c:57:20: error: expected expression before ')' token
   57 | if (sizeof ((_Bool)))
      |                    ^
configure:18449: $? = 1
configure: failed program was:
| /* confdefs.h */
| #define PACKAGE_NAME "wifi"
| #define PACKAGE_TARNAME "wifi"
| #define PACKAGE_VERSION "1.0"
| #define PACKAGE_STRING "wifi 1.0"
| #define PACKAGE_BUGREPORT "BUG-REPORT-ADDRESS"
| #define PACKAGE_URL ""
| #define PACKAGE "wifi"
| #define VERSION "1.0"
| #define HAVE_STDIO_H 1
| #define HAVE_STDLIB_H 1
| #define HAVE_STRING_H 1
| #define HAVE_INTTYPES_H 1
| #define HAVE_STDINT_H 1
| #define HAVE_STRINGS_H 1
| #define HAVE_SYS_STAT_H 1
| #define HAVE_SYS_TYPES_H 1
| #define HAVE_UNISTD_H 1
| #define STDC_HEADERS 1
| #define HAVE_DLFCN_H 1
| #define LT_OBJDIR ".libs/"
| #define HAVE_STDLIB_H 1
| #define HAVE_STRING_H 1
| #define HAVE_UNISTD_H 1
| /* end confdefs.h.  */
| #include <stddef.h>
| #ifdef HAVE_STDIO_H
| # include <stdio.h>
| #endif
| #ifdef HAVE_STDLIB_H
| # include <stdlib.h>
| #endif
| #ifdef HAVE_STRING_H
| # include <string.h>
| #endif
| #ifdef HAVE_INTTYPES_H
| # include <inttypes.h>
| #endif
| #ifdef HAVE_STDINT_H
| # include <stdint.h>
| #endif
| #ifdef HAVE_STRINGS_H
| # include <strings.h>
| #endif
| #ifdef HAVE_SYS_TYPES_H
| # include <sys/types.h>
| #endif
| #ifdef HAVE_SYS_STAT_H
| # include <sys/stat.h>
| #endif
| #ifdef HAVE_UNISTD_H
| # include <unistd.h>
| #endif
| int
| main (void)
| {
| if (sizeof ((_Bool)))
| 	    return 0;
|   ;
|   return 0;
| }
configure:18449: result: yes
configure:18458: checking for stdbool.h that conforms to C99
configure:18574: gcc -c -g -O2  conftest.c >&5
configure:18574: $? = 0
configure:18582: result: yes
configure:18591: checking for inline
configure:18608: gcc -c -g -O2  conftest.c >&5
configure:18608: $? = 0
configure:18617: result: inline
configure:18637: checking for GNU libc compatible malloc
configure:18669: gcc -o conftest -g -O2   conftest.c  >&5
configure:18669: $? = 0
configure:18669: ./conftest
configure:18669: $? = 0
configure:18680: result: yes
configure:18808: checking that generated files are newer than configure
configure:18814: result: done
configure:18965: creating ./config.status

## ---------------------- ##
## Running config.status. ##
## ---------------------- ##

This file was extended by wifi config.status 1.0, which was
generated by GNU Autoconf 2.71.  Invocation command line was

  CONFIG_FILES    = 
  CONFIG_HEADERS  = 
  CONFIG_LINKS    = 
  CONFIG_COMMANDS = 
  $ ./config.status 

on runnervm35a4x

config.status:1231: creating source/webconfig/Makefile
config.status:1231: creating source/platform/Makefile
config.status:1231: creating source/dml/tr_181/sbapi/Makefile
config.status:1231: creating source/dml/tr_181/ml/Makefile
config.status:1231: creating source/dml/tr_181/Makefile
config.status:1231: creating source/dml/Makefile
config.status:1231: creating source/dml/dml_webconfig/Makefile
config.status:1231: creating source/core/Makefile
config.status:1231: creating source/Makefile
config.status:1231: creating source/sampleapps/Makefile
config.status:1231: creating source/utils/Makefile
config.status:1231: creating source/utils/quality_mgr/Makefile
config.status:1231: creating source/utils/math_utils/Makefile
config.status:1231: creating Makefile
config.status:1231: creating config.h
config.status:1460: executing depfiles commands
config.status:1537: cd source/webconfig       && sed -e '/# am--include-marker/d' Makefile         | make -f - am--depfiles
config.status:1542: $? = 0
config.status:1537: cd source/platform       && sed -e '/# am--include-marker/d' Makefile         | make -f - am--depfiles
config.status:1542: $? = 0
config.status:1537: cd source/dml/tr_181/sbapi       && sed -e '/# am--include-marker/d' Makefile         | make -f - am--depfiles
config.status:1542: $? = 0
config.status:1537: cd source/dml/tr_181/ml       && sed -e '/# am--include-marker/d' Makefile         | make -f - am--depfiles
config.status:1542: $? = 0
config.status:1537: cd source/dml/dml_webconfig       && sed -e '/# am--include-marker/d' Makefile         | make -f - am--depfiles
config.status:1542: $? = 0
config.status:1537: cd source/core       && sed -e '/# am--include-marker/d' Makefile         | make -f - am--depfiles
config.status:1542: $? = 0
config.status:1537: cd source/sampleapps       && sed -e '/# am--include-marker/d' Makefile         | make -f - am--depfiles
config.status:1542: $? = 0
config.status:1537: cd source/utils       && sed -e '/# am--include-marker/d' Makefile         | make -f - am--depfiles
config.status:1542: $? = 0
config.status:1537: cd source/utils/quality_mgr       && sed -e '/# am--include-marker/d' Makefile         | make -f - am--depfiles
config.status:1542: $? = 0
config.status:1537: cd source/utils/math_utils       && sed -e '/# am--include-marker/d' Makefile         | make -f - am--depfiles
config.status:1542: $? = 0
config.status:1460: executing libtool commands

## ---------------- ##
## Cache variables. ##
## ---------------- ##

ac_cv_build=x86_64-pc-linux-gnu
ac_cv_c_compiler_gnu=yes
ac_cv_c_inline=inline
ac_cv_cxx_compiler_gnu=yes
ac_cv_env_CCC_set=
ac_cv_env_CCC_value=
ac_cv_env_CC_set=
ac_cv_env_CC_value=
ac_cv_env_CFLAGS_set=
ac_cv_env_CFLAGS_value=
ac_cv_env_CPPFLAGS_set=
ac_cv_env_CPPFLAGS_value=
ac_cv_env_CXXCPP_set=
ac_cv_env_CXXCPP_value=
ac_cv_env_CXXFLAGS_set=
ac_cv_env_CXXFLAGS_value=
ac_cv_env_CXX_set=
ac_cv_env_CXX_value=
ac_cv_env_LDFLAGS_set=
ac_cv_env_LDFLAGS_value=
ac_cv_env_LIBS_set=
ac_cv_env_LIBS_value=
ac_cv_env_LT_SYS_LIBRARY_PATH_set=
ac_cv_env_LT_SYS_LIBRARY_PATH_value=
ac_cv_env_build_alias_set=
ac_cv_env_build_alias_value=
ac_cv_env_host_alias_set=
ac_cv_env_host_alias_value=
ac_cv_env_target_alias_set=
ac_cv_env_target_alias_value=
ac_cv_func_malloc_0_nonnull=yes
ac_cv_header_dlfcn_h=yes
ac_cv_header_inttypes_h=yes
ac_cv_header_stdbool_h=yes
ac_cv_header_stdint_h=yes
ac_cv_header_stdio_h=yes
ac_cv_header_stdlib_h=yes
ac_cv_header_string_h=yes
ac_cv_header_strings_h=yes
ac_cv_header_sys_stat_h=yes
ac_cv_header_sys_types_h=yes
ac_cv_header_unistd_h=yes
ac_cv_host=x86_64-pc-linux-gnu
ac_cv_objext=o
ac_cv_path_EGREP='/usr/bin/grep -E'
ac_cv_path_FGREP='/usr/bin/grep -F'
ac_cv_path_GREP=/usr/bin/grep
ac_cv_path_SED=/usr/bin/sed
ac_cv_path_install='/usr/bin/install -c'
ac_cv_path_lt_DD=/usr/bin/dd
ac_cv_path_mkdir=/usr/bin/mkdir
ac_cv_prog_AWK=gawk
ac_cv_prog_CXXCPP='g++ -E'
ac_cv_prog_ac_ct_AR=ar
ac_cv_prog_ac_ct_CC=gcc
ac_cv_prog_ac_ct_CXX=g++
ac_cv_prog_ac_ct_FILECMD=file
ac_cv_prog_ac_ct_MANIFEST_TOOL=mt
ac_cv_prog_ac_ct_OBJDUMP=objdump
ac_cv_prog_ac_ct_RANLIB=ranlib
ac_cv_prog_ac_ct_STRIP=strip
ac_cv_prog_cc_c11=
ac_cv_prog_cc_g=yes
ac_cv_prog_cc_stdc=
ac_cv_prog_cxx_cxx11=
ac_cv_prog_cxx_g=yes
ac_cv_prog_cxx_stdcxx=
ac_cv_prog_make_make_set=yes
ac_cv_type__Bool=yes
am_cv_CC_dependencies_compiler_type=gcc3
am_cv_CXX_dependencies_compiler_type=gcc3
am_cv_make_support_nested_variables=yes
am_cv_prog_cc_c_o=yes
lt_cv_ar_at_file=@
lt_cv_archive_cmds_need_lc=no
lt_cv_deplibs_check_method=pass_all
lt_cv_file_magic_cmd='$MAGIC_CMD'
lt_cv_file_magic_test_file=
lt_cv_ld_reload_flag=-r
lt_cv_nm_interface='BSD nm'
lt_cv_objdir=.libs
lt_cv_path_LD=/usr/bin/ld
lt_cv_path_LDCXX='/usr/bin/ld -m elf_x86_64'
lt_cv_path_NM='/usr/bin/nm -B'
lt_cv_path_mainfest_tool=no
lt_cv_prog_compiler_c_o=yes
lt_cv_prog_compiler_c_o_CXX=yes
lt_cv_prog_compiler_pic='-fPIC -DPIC'
lt_cv_prog_compiler_pic_CXX='-fPIC -DPIC'
lt_cv_prog_compiler_pic_works=yes
lt_cv_prog_compiler_pic_works_CXX=yes
lt_cv_prog_compiler_rtti_exceptions=no
lt_cv_prog_compiler_static_works=yes
lt_cv_prog_compiler_static_works_CXX=yes
lt_cv_prog_gnu_ld=yes
lt_cv_prog_gnu_ldcxx=yes
lt_cv_sharedlib_from_linklib_cmd='printf %s\n'
lt_cv_shlibpath_overrides_runpath=yes
lt_cv_sys_global_symbol_pipe='/usr/bin/sed -n -e '\''s/^.*[	 ]\([ABCDGIRSTW][ABCDGIRSTW]*\)[	 ][	 ]*\([_A-Za-z][_A-Za-z0-9]*\)$/\1 \2 \2/p'\'' | /usr/bin/sed '\''/ __gnu_lto/d'\'''
lt_cv_sys_global_symbol_to_c_name_address='/usr/bin/sed -n -e '\''s/^: \(.*\) .*$/  {"\1", (void *) 0},/p'\'' -e '\''s/^[ABCDGIRSTW][ABCDGIRSTW]* .* \(.*\)$/  {"\1", (void *) \&\1},/p'\'''
lt_cv_sys_global_symbol_to_c_name_address_lib_prefix='/usr/bin/sed -n -e '\''s/^: \(.*\) .*$/  {"\1", (void *) 0},/p'\'' -e '\''s/^[ABCDGIRSTW][ABCDGIRSTW]* .* \(lib.*\)$/  {"\1", (void *) \&\1},/p'\'' -e '\''s/^[ABCDGIRSTW][ABCDGIRSTW]* .* \(.*\)$/  {"lib\1", (void *) \&\1},/p'\'''
lt_cv_sys_global_symbol_to_cdecl='/usr/bin/sed -n -e '\''s/^T .* \(.*\)$/extern int \1();/p'\'' -e '\''s/^[ABCDGIRSTW][ABCDGIRSTW]* .* \(.*\)$/extern char \1;/p'\'''
lt_cv_sys_global_symbol_to_import=
lt_cv_sys_max_cmd_len=3145728
lt_cv_to_host_file_cmd=func_convert_file_noop
lt_cv_to_tool_file_cmd=func_convert_file_noop
lt_cv_truncate_bin='/usr/bin/dd bs=4096 count=1'

## ----------------- ##
## Output variables. ##
## ----------------- ##

ACLOCAL='${SHELL} '\''/home/runner/work/OneWifi/OneWifi/missing'\'' aclocal-1.16'
AMDEPBACKSLASH='\'
AMDEP_FALSE='#'
AMDEP_TRUE=''
AMTAR='$${TAR-tar}'
AM_BACKSLASH='\'
AM_DEFAULT_V='$(AM_DEFAULT_VERBOSITY)'
AM_DEFAULT_VERBOSITY='1'
AM_V='$(V)'
AR='ar'
AUTOCONF='${SHELL} '\''/home/runner/work/OneWifi/OneWifi/missing'\'' autoconf'
AUTOHEADER='${SHELL} '\''/home/runner/work/OneWifi/OneWifi/missing'\'' autoheader'
AUTOMAKE='${SHELL} '\''/home/runner/work/OneWifi/OneWifi/missing'\'' automake-1.16'
AWK='gawk'
CC='gcc'
CCDEPMODE='depmode=gcc3'
CCSP_ARCH_ARM_FALSE=''
CCSP_ARCH_ARM_TRUE='#'
CCSP_ARCH_ATOM_FALSE=''
CCSP_ARCH_ATOM_TRUE='#'
CCSP_ARCH_MIPS_FALSE=''
CCSP_ARCH_MIPS_TRUE='#'
CCSP_ARCH_PC_FALSE=''
CCSP_ARCH_PC_TRUE='#'
CFLAGS='-g -O2'
CPPFLAGS=''
CSCOPE='cscope'
CTAGS='ctags'
CXX='g++'
CXXCPP='g++ -E'
CXXDEPMODE='depmode=gcc3'
CXXFLAGS='-g -O2'
CYGPATH_W='echo'
DEFS='-DHAVE_CONFIG_H'
DEPDIR='.deps'
DLLTOOL='false'
DSYMUTIL=''
DUMPBIN=''
EASYCONNECT_SUPPORT_FALSE=''
EASYCONNECT_SUPPORT_TRUE='#'
ECHO_C=''
ECHO_N='-n'
ECHO_T=''
EGREP='/usr/bin/grep -E'
EM_APP_FLAG=''
EM_APP_SUPPORT_FALSE=''
EM_APP_SUPPORT_TRUE='#'
ETAGS='etags'
EXEEXT=''
FEATURE_OFF_CHANNEL_SCAN_5G_FALSE=''
FEATURE_OFF_CHANNEL_SCAN_5G_TRUE='#'
FGREP='/usr/bin/grep -F'
FILECMD='file'
GREP='/usr/bin/grep'
GTEST_ENABLE_FLAG=''
HAL_IPC_FALSE=''
HAL_IPC_TRUE='#'
INSTALL_DATA='${INSTALL} -m 644'
INSTALL_PROGRAM='${INSTALL}'
INSTALL_SCRIPT='${INSTALL}'
INSTALL_STRIP_PROGRAM='$(install_sh) -c -s'
JOURNALCTL_ENABLE_FLAG=''
JOURNALCTL_SUPPORT_FALSE=''
JOURNALCTL_SUPPORT_TRUE='#'
LD='/usr/bin/ld -m elf_x86_64'
LDFLAGS=''
LIBOBJS=''
LIBS=''
LIBTOOL='$(SHELL) $(top_builddir)/libtool'
LIBWEBCONFIG_FALSE='#'
LIBWEBCONFIG_TRUE=''
LIPO=''
LN_S='ln -s'
LTLIBOBJS=''
LT_SYS_LIBRARY_PATH=''
MAKEINFO='${SHELL} '\''/home/runner/work/OneWifi/OneWifi/missing'\'' makeinfo'
MANIFEST_TOOL=':'
MKDIR_P='/usr/bin/mkdir -p'
NM='/usr/bin/nm -B'
NMEDIT=''
OBJDUMP='objdump'
OBJEXT='o'
ONEWIFI_ANALYTICS_APP_SUPPORT_FALSE=''
ONEWIFI_ANALYTICS_APP_SUPPORT_TRUE='#'
ONEWIFI_AVRO_SUPPORT_FALSE=''
ONEWIFI_AVRO_SUPPORT_TRUE='#'
ONEWIFI_BLASTER_APP_SUPPORT_FALSE=''
ONEWIFI_BLASTER_APP_SUPPORT_TRUE='#'
ONEWIFI_CAC_APP_SUPPORT_FALSE=''
ONEWIFI_CAC_APP_SUPPORT_TRUE='#'
ONEWIFI_CSI_APP_SUPPORT_FALSE=''
ONEWIFI_CSI_APP_SUPPORT_TRUE='#'
ONEWIFI_DBUS_SUPPORT_FALSE=''
ONEWIFI_DBUS_SUPPORT_TRUE='#'
ONEWIFI_DML_SUPPORT_FALSE=''
ONEWIFI_DML_SUPPORT_TRUE='#'
ONEWIFI_HARVESTER_APP_SUPPORT_FALSE=''
ONEWIFI_HARVESTER_APP_SUPPORT_TRUE='#'
ONEWIFI_JSON_DML_SUPPORT_FALSE=''
ONEWIFI_JSON_DML_SUPPORT_TRUE='#'
ONEWIFI_LEVL_APP_SUPPORT_FALSE=''
ONEWIFI_LEVL_APP_SUPPORT_TRUE='#'
ONEWIFI_MEMWRAPTOOL_APP_SUPPORT_FALSE=''
ONEWIFI_MEMWRAPTOOL_APP_SUPPORT_TRUE='#'
ONEWIFI_MOTION_APP_SUPPORT_FALSE=''
ONEWIFI_MOTION_APP_SUPPORT_TRUE='#'
ONEWIFI_STA_MGR_APP_SUPPORT_FALSE=''
ONEWIFI_STA_MGR_APP_SUPPORT_TRUE='#'
ONEWIFI_WHIX_APP_SUPPORT_FALSE=''
ONEWIFI_WHIX_APP_SUPPORT_TRUE='#'
OTOOL64=''
OTOOL=''
PACKAGE='wifi'
PACKAGE_BUGREPORT='BUG-REPORT-ADDRESS'
PACKAGE_NAME='wifi'
PACKAGE_STRING='wifi 1.0'
PACKAGE_TARNAME='wifi'
PACKAGE_URL=''
PACKAGE_VERSION='1.0'
PATH_SEPARATOR=':'
RANLIB='ranlib'
SED='/usr/bin/sed'
SET_MAKE=''
SHELL='/bin/bash'
SM_APP_FLAG=''
SM_APP_SUPPORT_FALSE=''
SM_APP_SUPPORT_TRUE='#'
STRIP='strip'
SYSTEMD_CFLAGS=' '
SYSTEMD_LDFLAGS=' '
USE_DML_SOURCES_FALSE='#'
USE_DML_SOURCES_TRUE=''
USE_EXTENDER_MISC_FALSE=''
USE_EXTENDER_MISC_TRUE='#'
VERSION='1.0'
WITH_EASYMESH_FALSE=''
WITH_EASYMESH_TRUE='#'
WITH_GTEST_SUPPORT_FALSE=''
WITH_GTEST_SUPPORT_TRUE='#'
WITH_LIBWEBCONFIG_FALSE='#'
WITH_LIBWEBCONFIG_TRUE=''
ac_ct_AR='ar'
ac_ct_CC='gcc'
ac_ct_CXX='g++'
ac_ct_DUMPBIN=''
am__EXEEXT_FALSE=''
am__EXEEXT_TRUE='#'
am__fastdepCC_FALSE='#'
am__fastdepCC_TRUE=''
am__fastdepCXX_FALSE='#'
am__fastdepCXX_TRUE=''
am__include='include'
am__isrc=''
am__leading_dot='.'
am__nodep='_no'
am__quote=''
am__tar='$${TAR-tar} chof - "$$tardir"'
am__untar='$${TAR-tar} xf -'
bindir='${exec_prefix}/bin'
build='x86_64-pc-linux-gnu'
build_alias=''
build_cpu='x86_64'
build_os='linux-gnu'
build_vendor='pc'
datadir='${datarootdir}'
datarootdir='${prefix}/share'
docdir='${datarootdir}/doc/${PACKAGE_TARNAME}'
dvidir='${docdir}'
exec_prefix='${prefix}'
host='x86_64-pc-linux-gnu'
host_alias=''
host_cpu='x86_64'
host_os='linux-gnu'
host_vendor='pc'
htmldir='${docdir}'
includedir='${prefix}/include'
infodir='${datarootdir}/info'
install_sh='${SHELL} /home/runner/work/OneWifi/OneWifi/install-sh'
libdir='${exec_prefix}/lib'
libexecdir='${exec_prefix}/libexec'
localedir='${datarootdir}/locale'
localstatedir='${prefix}/var'
mandir='${datarootdir}/man'
mkdir_p='$(MKDIR_P)'
oldincludedir='/usr/include'
pdfdir='${docdir}'
prefix='/home/runner/work/OneWifi/OneWifi'
program_transform_name='s,x,x,'
psdir='${docdir}'
runstatedir='${localstatedir}/run'
sbindir='${exec_prefix}/sbin'
sharedstatedir='${prefix}/com'
sysconfdir='${prefix}/etc'
target_alias=''

## ----------- ##
## confdefs.h. ##
## ----------- ##

/* confdefs.h */
#define PACKAGE_NAME "wifi"
#define PACKAGE_TARNAME "wifi"
#define PACKAGE_VERSION "1.0"
#define PACKAGE_STRING "wifi 1.0"
#define PACKAGE_BUGREPORT "BUG-REPORT-ADDRESS"
#define PACKAGE_URL ""
#define PACKAGE "wifi"
#define VERSION "1.0"
#define HAVE_STDIO_H 1
#define HAVE_STDLIB_H 1
#define HAVE_STRING_H 1
#define HAVE_INTTYPES_H 1
#define HAVE_STDINT_H 1
#define HAVE_STRINGS_H 1
#define HAVE_SYS_STAT_H 1
#define HAVE_SYS_TYPES_H 1
#define HAVE_UNISTD_H 1
#define STDC_HEADERS 1
#define HAVE_DLFCN_H 1
#define LT_OBJDIR ".libs/"
#define HAVE_STDLIB_H 1
#define HAVE_STRING_H 1
#define HAVE_UNISTD_H 1
#define HAVE__BOOL 1
#define HAVE_STDBOOL_H 1
#define HAVE_MALLOC 1

configure: exit 0
